
> client@0.1.0 build
> react-scripts build

Creating an optimized production build...
node.exe : Browserslist: 
browsers data 
(caniuse-lite) is 6 months 
old. Please run:
At line:1 char:1
+ & "C:\Program 
Files\nodejs/node.exe" 
"C:\Program 
Files\nodejs/node_mo ...
+ ~~~~~~~~~~~~~~~~~~~~~~~~~
~~~~~~~~~~~~~~~~~~~~~~~~~~~
~~~~~~~~~~~~~~~~~
    + CategoryInfo         
     : NotSpecified: (Bro  
  wserslist: b...ld. Ple   
 ase run::String) [], R    
emoteException
    + FullyQualifiedErrorI 
   d : NativeCommandError
 
  npx update-browserslist-d
b@latest
  Why you should do it 
regularly: https://github.c
om/browserslist/update-db#r
eadme
Browserslist: browsers 
data (caniuse-lite) is 6 
months old. Please run:
  npx update-browserslist-d
b@latest
  Why you should do it 
regularly: https://github.c
om/browserslist/update-db#r
eadme
Failed to compile.

TS2339: Property 'eCommercePage' does not exist on type 'JSX.IntrinsicElements'.
  [0m [90m 133 |[39m         [33m<[39m[33mRoute[39m path[33m=[39m[32m"/apps/rental"[39m element[33m=[39m{[33m<[39m[33mRentalPage[39m [35m/>} /[39m[33m>[39m
   [90m 134 |[39m         [33m<[39m[33mRoute[39m path[33m=[39m[32m"/apps/website-builder"[39m element[33m=[39m{[33m<[39m[33mWebsiteBuilderPage[39m [35m/>} /[39m[33m>[39m
  [31m[1m>[22m[39m[90m 135 |[39m         [33m<[39m[33mRoute[39m path[33m=[39m[32m"/apps/ecommerce"[39m element[33m=[39m{[33m<[39m[33meCommercePage[39m [35m/>} /[39m[33m>[39m
   [90m     |[39m                                                [31m[1m^[22m[39m[31m[1m^[22m[39m[31m[1m^[22m[39m[31m[1m^[22m[39m[31m[1m^[22m[39m[31m[1m^[22m[39m[31m[1m^[22m[39m[31m[1m^[22m[39m[31m[1m^[22m[39m[31m[1m^[22m[39m[31m[1m^[22m[39m[31m[1m^[22m[39m[31m[1m^[22m[39m[31m[1m^[22m[39m[31m[1m^[22m[39m[31m[1m^[22m[39m[31m[1m^[22m[39m
   [90m 136 |[39m         [33m<[39m[33mRoute[39m path[33m=[39m[32m"/apps/blog"[39m element[33m=[39m{[33m<[39m[33mBlogPage[39m [35m/>} /[39m[33m>[39m
   [90m 137 |[39m         [33m<[39m[33mRoute[39m path[33m=[39m[32m"/apps/forum"[39m element[33m=[39m{[33m<[39m[33mForumPage[39m [35m/>} /[39m[33m>[39m
   [90m 138 |[39m         [33m<[39m[33mRoute[39m path[33m=[39m[32m"/apps/live-chat"[39m element[33m=[39m{[33m<[39m[33mLiveChatPage[39m [35m/>} /[39m[33m>[39m[0m


